
> my-v0-project@0.1.0 build D:\ab\volumetric
> next build

Γû▓ Next.js 16.1.3 (Turbopack)
- Environments: .env

  Creating an optimized production build ...
node.exe : Γ¿» ERROR: This build is 
using Turbopack, with a `webpack` config 
and no `turbopack` config.
At C:\Users\ViT\AppData\Roaming\npm\pnpm.
ps1:24 char:5
+     & "node$exe"  "$basedir/node_module
s/pnpm/bin/pnpm.cjs" $args
+     ~~~~~~~~~~~~~~~~~~~~~~~~~~~~~~~~~~~
~~~~~~~~~~~~~~~~~~~~~~~~~~
    + CategoryInfo          : NotSpecifi 
   ed: (Γ¿» ERROR: This...bopack` confi  
  g.:String) [], RemoteException
    + FullyQualifiedErrorId : NativeComm 
   andError
 
   This may be a mistake.

   As of Next.js 16 Turbopack is enabled 
by default and
   custom webpack configurations may 
need to be migrated to Turbopack.

   NOTE: your `webpack` config may have 
been added by a configuration plugin.

   To configure Turbopack, see https://ne
xtjs.org/docs/app/api-reference/next-conf
ig-js/turbopack

   TIP: Many applications work fine 
under Turbopack with no configuration,
   if that is the case for you, you can 
silence this error by passing the
   `--turbopack` or `--webpack` flag 
explicitly or simply setting an 
   empty turbopack config in your Next 
config file (e.g. `turbopack: {}`).

> Build error occurred
Error: Call retries were exceeded
    at ignore-listed frames {
  type: 'WorkerError'
}
Assertion failed: !(handle->flags & 
UV_HANDLE_CLOSING), file 
c:\ws\deps\uv\src\win\async.c, line 76
ΓÇëELIFECYCLEΓÇë Command failed with exit code 3221226505.
